<testsuites id="" name="" tests="7" failures="7" skipped="0" errors="0" time="91.449798">
<testsuite name="forum-messaging-full.spec.ts" timestamp="2026-01-10T16:04:19.705Z" hostname="chromium" tests="7" failures="7" skipped="0" time="462.291" errors="0">
<testcase name="FORUM MESSAGING: Full E2E Flow › Step 1: Student creates new chat with teacher" classname="forum-messaging-full.spec.ts" time="63.009">
<failure message="forum-messaging-full.spec.ts:127:3 Step 1: Student creates new chat with teacher" type="FAILURE">
<![CDATA[  [chromium] › forum-messaging-full.spec.ts:127:3 › FORUM MESSAGING: Full E2E Flow › Step 1: Student creates new chat with teacher 

    Test timeout of 60000ms exceeded.

    Error: page.screenshot: Target page, context or browser has been closed

      70 |   const timestamp = Date.now();
      71 |   const filename = `/tmp/playwright-${name}-${timestamp}.png`;
    > 72 |   await page.screenshot({ path: filename, fullPage: true });
         |              ^
      73 |   console.log(`[SCREENSHOT] Saved: ${filename}`);
      74 |   return filename;
      75 | }
        at takeScreenshot (/home/mego/Python Projects/THE_BOT_platform/frontend/e2e/forum-messaging-full.spec.ts:72:14)
        at /home/mego/Python Projects/THE_BOT_platform/frontend/e2e/forum-messaging-full.spec.ts:180:13

    attachment #1: screenshot (image/png) ──────────────────────────────────────────────────────────
    ../test-results/forum-messaging-full-FORUM-9e447-eates-new-chat-with-teacher-chromium/test-failed-1.png
    ────────────────────────────────────────────────────────────────────────────────────────────────

    attachment #2: video (video/webm) ──────────────────────────────────────────────────────────────
    ../test-results/forum-messaging-full-FORUM-9e447-eates-new-chat-with-teacher-chromium/video.webm
    ────────────────────────────────────────────────────────────────────────────────────────────────

    Error Context: ../test-results/forum-messaging-full-FORUM-9e447-eates-new-chat-with-teacher-chromium/error-context.md
]]>
</failure>
<system-out>
<![CDATA[
================================================================================
TEST 1: Student creates chat with teacher
================================================================================

[LOGIN] Logging in as student@test.com...

[[ATTACHMENT|../frontend/test-results/forum-messaging-full-FORUM-9e447-eates-new-chat-with-teacher-chromium/test-failed-1.png]]

[[ATTACHMENT|../frontend/test-results/forum-messaging-full-FORUM-9e447-eates-new-chat-with-teacher-chromium/video.webm]]

[[ATTACHMENT|../frontend/test-results/forum-messaging-full-FORUM-9e447-eates-new-chat-with-teacher-chromium/error-context.md]]
]]>
</system-out>
</testcase>
<testcase name="FORUM MESSAGING: Full E2E Flow › Step 2: Student sends message &quot;Привет учитель!&quot;" classname="forum-messaging-full.spec.ts" time="63.05">
<failure message="forum-messaging-full.spec.ts:189:3 Step 2: Student sends message &quot;Привет учитель!&quot;" type="FAILURE">
<![CDATA[  [chromium] › forum-messaging-full.spec.ts:189:3 › FORUM MESSAGING: Full E2E Flow › Step 2: Student sends message "Привет учитель!" 

    Test timeout of 60000ms exceeded.

    Error: page.screenshot: Target page, context or browser has been closed

      70 |   const timestamp = Date.now();
      71 |   const filename = `/tmp/playwright-${name}-${timestamp}.png`;
    > 72 |   await page.screenshot({ path: filename, fullPage: true });
         |              ^
      73 |   console.log(`[SCREENSHOT] Saved: ${filename}`);
      74 |   return filename;
      75 | }
        at takeScreenshot (/home/mego/Python Projects/THE_BOT_platform/frontend/e2e/forum-messaging-full.spec.ts:72:14)
        at /home/mego/Python Projects/THE_BOT_platform/frontend/e2e/forum-messaging-full.spec.ts:238:13

    attachment #1: screenshot (image/png) ──────────────────────────────────────────────────────────
    ../test-results/forum-messaging-full-FORUM-5e289-nds-message-Привет-учитель--chromium/test-failed-1.png
    ────────────────────────────────────────────────────────────────────────────────────────────────

    attachment #2: video (video/webm) ──────────────────────────────────────────────────────────────
    ../test-results/forum-messaging-full-FORUM-5e289-nds-message-Привет-учитель--chromium/video.webm
    ────────────────────────────────────────────────────────────────────────────────────────────────

    Error Context: ../test-results/forum-messaging-full-FORUM-5e289-nds-message-Привет-учитель--chromium/error-context.md
]]>
</failure>
<system-out>
<![CDATA[
================================================================================
TEST 2: Student sends message
================================================================================

[LOGIN] Logging in as student@test.com...

[[ATTACHMENT|../frontend/test-results/forum-messaging-full-FORUM-5e289-nds-message-Привет-учитель--chromium/test-failed-1.png]]

[[ATTACHMENT|../frontend/test-results/forum-messaging-full-FORUM-5e289-nds-message-Привет-учитель--chromium/video.webm]]

[[ATTACHMENT|../frontend/test-results/forum-messaging-full-FORUM-5e289-nds-message-Привет-учитель--chromium/error-context.md]]
]]>
</system-out>
</testcase>
<testcase name="FORUM MESSAGING: Full E2E Flow › Step 3: Student edits message" classname="forum-messaging-full.spec.ts" time="62.982">
<failure message="forum-messaging-full.spec.ts:247:3 Step 3: Student edits message" type="FAILURE">
<![CDATA[  [chromium] › forum-messaging-full.spec.ts:247:3 › FORUM MESSAGING: Full E2E Flow › Step 3: Student edits message 

    Test timeout of 60000ms exceeded.

    Error: page.screenshot: Target page, context or browser has been closed

      70 |   const timestamp = Date.now();
      71 |   const filename = `/tmp/playwright-${name}-${timestamp}.png`;
    > 72 |   await page.screenshot({ path: filename, fullPage: true });
         |              ^
      73 |   console.log(`[SCREENSHOT] Saved: ${filename}`);
      74 |   return filename;
      75 | }
        at takeScreenshot (/home/mego/Python Projects/THE_BOT_platform/frontend/e2e/forum-messaging-full.spec.ts:72:14)
        at /home/mego/Python Projects/THE_BOT_platform/frontend/e2e/forum-messaging-full.spec.ts:334:13

    attachment #1: screenshot (image/png) ──────────────────────────────────────────────────────────
    ../test-results/forum-messaging-full-FORUM-c34dc-tep-3-Student-edits-message-chromium/test-failed-1.png
    ────────────────────────────────────────────────────────────────────────────────────────────────

    attachment #2: video (video/webm) ──────────────────────────────────────────────────────────────
    ../test-results/forum-messaging-full-FORUM-c34dc-tep-3-Student-edits-message-chromium/video.webm
    ────────────────────────────────────────────────────────────────────────────────────────────────

    Error Context: ../test-results/forum-messaging-full-FORUM-c34dc-tep-3-Student-edits-message-chromium/error-context.md
]]>
</failure>
<system-out>
<![CDATA[
================================================================================
TEST 3: Student edits message
================================================================================

[LOGIN] Logging in as student@test.com...

[[ATTACHMENT|../frontend/test-results/forum-messaging-full-FORUM-c34dc-tep-3-Student-edits-message-chromium/test-failed-1.png]]

[[ATTACHMENT|../frontend/test-results/forum-messaging-full-FORUM-c34dc-tep-3-Student-edits-message-chromium/video.webm]]

[[ATTACHMENT|../frontend/test-results/forum-messaging-full-FORUM-c34dc-tep-3-Student-edits-message-chromium/error-context.md]]
]]>
</system-out>
</testcase>
<testcase name="FORUM MESSAGING: Full E2E Flow › Step 4: Student deletes message" classname="forum-messaging-full.spec.ts" time="62.927">
<failure message="forum-messaging-full.spec.ts:343:3 Step 4: Student deletes message" type="FAILURE">
<![CDATA[  [chromium] › forum-messaging-full.spec.ts:343:3 › FORUM MESSAGING: Full E2E Flow › Step 4: Student deletes message 

    Test timeout of 60000ms exceeded.

    Error: page.screenshot: Target page, context or browser has been closed

      70 |   const timestamp = Date.now();
      71 |   const filename = `/tmp/playwright-${name}-${timestamp}.png`;
    > 72 |   await page.screenshot({ path: filename, fullPage: true });
         |              ^
      73 |   console.log(`[SCREENSHOT] Saved: ${filename}`);
      74 |   return filename;
      75 | }
        at takeScreenshot (/home/mego/Python Projects/THE_BOT_platform/frontend/e2e/forum-messaging-full.spec.ts:72:14)
        at /home/mego/Python Projects/THE_BOT_platform/frontend/e2e/forum-messaging-full.spec.ts:419:13

    attachment #1: screenshot (image/png) ──────────────────────────────────────────────────────────
    ../test-results/forum-messaging-full-FORUM-d1954-p-4-Student-deletes-message-chromium/test-failed-1.png
    ────────────────────────────────────────────────────────────────────────────────────────────────

    attachment #2: video (video/webm) ──────────────────────────────────────────────────────────────
    ../test-results/forum-messaging-full-FORUM-d1954-p-4-Student-deletes-message-chromium/video.webm
    ────────────────────────────────────────────────────────────────────────────────────────────────

    Error Context: ../test-results/forum-messaging-full-FORUM-d1954-p-4-Student-deletes-message-chromium/error-context.md
]]>
</failure>
<system-out>
<![CDATA[
================================================================================
TEST 4: Student deletes message
================================================================================

[LOGIN] Logging in as student@test.com...

[[ATTACHMENT|../frontend/test-results/forum-messaging-full-FORUM-d1954-p-4-Student-deletes-message-chromium/test-failed-1.png]]

[[ATTACHMENT|../frontend/test-results/forum-messaging-full-FORUM-d1954-p-4-Student-deletes-message-chromium/video.webm]]

[[ATTACHMENT|../frontend/test-results/forum-messaging-full-FORUM-d1954-p-4-Student-deletes-message-chromium/error-context.md]]
]]>
</system-out>
</testcase>
<testcase name="FORUM MESSAGING: Full E2E Flow › Step 5: WebSocket real-time: Student sends → Teacher receives" classname="forum-messaging-full.spec.ts" time="60.109">
<failure message="forum-messaging-full.spec.ts:428:3 Step 5: WebSocket real-time: Student sends → Teacher receives" type="FAILURE">
<![CDATA[  [chromium] › forum-messaging-full.spec.ts:428:3 › FORUM MESSAGING: Full E2E Flow › Step 5: WebSocket real-time: Student sends → Teacher receives 

    Test timeout of 60000ms exceeded.

    Error: browserContext.close: Target page, context or browser has been closed

      532 |       throw error;
      533 |     } finally {
    > 534 |       if (contextStudent) await contextStudent.close();
          |                           ^
      535 |       if (contextTeacher) await contextTeacher.close();
      536 |     }
      537 |   });
        at /home/mego/Python Projects/THE_BOT_platform/frontend/e2e/forum-messaging-full.spec.ts:534:27

    attachment #1: screenshot (image/png) ──────────────────────────────────────────────────────────
    ../test-results/forum-messaging-full-FORUM-18f07-nt-sends-→-Teacher-receives-chromium/test-failed-1.png
    ────────────────────────────────────────────────────────────────────────────────────────────────

    attachment #2: screenshot (image/png) ──────────────────────────────────────────────────────────
    ../test-results/forum-messaging-full-FORUM-18f07-nt-sends-→-Teacher-receives-chromium/test-failed-2.png
    ────────────────────────────────────────────────────────────────────────────────────────────────

    Error Context: ../test-results/forum-messaging-full-FORUM-18f07-nt-sends-→-Teacher-receives-chromium/error-context.md
]]>
</failure>
<system-out>
<![CDATA[
================================================================================
TEST 5: WebSocket real-time updates
================================================================================
[STEP 5] Logging in both users...

[LOGIN] Logging in as student@test.com...

[[ATTACHMENT|../frontend/test-results/forum-messaging-full-FORUM-18f07-nt-sends-→-Teacher-receives-chromium/test-failed-1.png]]

[[ATTACHMENT|../frontend/test-results/forum-messaging-full-FORUM-18f07-nt-sends-→-Teacher-receives-chromium/test-failed-2.png]]

[[ATTACHMENT|../frontend/test-results/forum-messaging-full-FORUM-18f07-nt-sends-→-Teacher-receives-chromium/error-context.md]]
]]>
</system-out>
</testcase>
<testcase name="FORUM MESSAGING: Full E2E Flow › Step 6: Teacher replies to student" classname="forum-messaging-full.spec.ts" time="60.099">
<failure message="forum-messaging-full.spec.ts:542:3 Step 6: Teacher replies to student" type="FAILURE">
<![CDATA[  [chromium] › forum-messaging-full.spec.ts:542:3 › FORUM MESSAGING: Full E2E Flow › Step 6: Teacher replies to student 

    Test timeout of 60000ms exceeded.

    Error: browserContext.close: Target page, context or browser has been closed

      616 |       throw error;
      617 |     } finally {
    > 618 |       if (contextStudent) await contextStudent.close();
          |                           ^
      619 |       if (contextTeacher) await contextTeacher.close();
      620 |     }
      621 |   });
        at /home/mego/Python Projects/THE_BOT_platform/frontend/e2e/forum-messaging-full.spec.ts:618:27

    attachment #1: screenshot (image/png) ──────────────────────────────────────────────────────────
    ../test-results/forum-messaging-full-FORUM-46704--Teacher-replies-to-student-chromium/test-failed-1.png
    ────────────────────────────────────────────────────────────────────────────────────────────────

    attachment #2: screenshot (image/png) ──────────────────────────────────────────────────────────
    ../test-results/forum-messaging-full-FORUM-46704--Teacher-replies-to-student-chromium/test-failed-2.png
    ────────────────────────────────────────────────────────────────────────────────────────────────

    Error Context: ../test-results/forum-messaging-full-FORUM-46704--Teacher-replies-to-student-chromium/error-context.md
]]>
</failure>
<system-out>
<![CDATA[
================================================================================
TEST 6: Teacher replies to student
================================================================================

[LOGIN] Logging in as student@test.com...

[[ATTACHMENT|../frontend/test-results/forum-messaging-full-FORUM-46704--Teacher-replies-to-student-chromium/test-failed-1.png]]

[[ATTACHMENT|../frontend/test-results/forum-messaging-full-FORUM-46704--Teacher-replies-to-student-chromium/test-failed-2.png]]

[[ATTACHMENT|../frontend/test-results/forum-messaging-full-FORUM-46704--Teacher-replies-to-student-chromium/error-context.md]]
]]>
</system-out>
<system-err>
<![CDATA[[TEST 6] ❌ FAILED: page.waitForURL: Test ended.
=========================== logs ===========================
waiting for navigation to "**/dashboard/student/**" until "load"
============================================================
    at login [90m(/home/mego/Python Projects/THE_BOT_platform/frontend/[39me2e/forum-messaging-full.spec.ts:51:14[90m)[39m
    at [90m/home/mego/Python Projects/THE_BOT_platform/frontend/[39me2e/forum-messaging-full.spec.ts:559:7
]]>
</system-err>
</testcase>
<testcase name="COMPLETE WORKFLOW: All Steps Combined › Complete workflow: Create → Send → Edit → Delete → Real-time" classname="forum-messaging-full.spec.ts" time="90.115">
<failure message="forum-messaging-full.spec.ts:631:3 Complete workflow: Create → Send → Edit → Delete → Real-time" type="FAILURE">
<![CDATA[  [chromium] › forum-messaging-full.spec.ts:631:3 › COMPLETE WORKFLOW: All Steps Combined › Complete workflow: Create → Send → Edit → Delete → Real-time 

    Test timeout of 90000ms exceeded.

    Error: browserContext.close: Target page, context or browser has been closed

      787 |
      788 |     } finally {
    > 789 |       if (contextStudent) await contextStudent.close();
          |                           ^
      790 |       if (contextTeacher) await contextTeacher.close();
      791 |     }
      792 |
        at /home/mego/Python Projects/THE_BOT_platform/frontend/e2e/forum-messaging-full.spec.ts:789:27

    attachment #1: screenshot (image/png) ──────────────────────────────────────────────────────────
    ../test-results/forum-messaging-full-COMPL-22c6a-→-Edit-→-Delete-→-Real-time-chromium/test-failed-1.png
    ────────────────────────────────────────────────────────────────────────────────────────────────

    attachment #2: screenshot (image/png) ──────────────────────────────────────────────────────────
    ../test-results/forum-messaging-full-COMPL-22c6a-→-Edit-→-Delete-→-Real-time-chromium/test-failed-2.png
    ────────────────────────────────────────────────────────────────────────────────────────────────

    Error Context: ../test-results/forum-messaging-full-COMPL-22c6a-→-Edit-→-Delete-→-Real-time-chromium/error-context.md
]]>
</failure>
<system-out>
<![CDATA[
================================================================================
COMPLETE WORKFLOW TEST: All steps in one
================================================================================

[LOGIN] Logging in as student@test.com...

[LOGIN] Logging in as teacher@test.com...

[[ATTACHMENT|../frontend/test-results/forum-messaging-full-COMPL-22c6a-→-Edit-→-Delete-→-Real-time-chromium/test-failed-1.png]]

[[ATTACHMENT|../frontend/test-results/forum-messaging-full-COMPL-22c6a-→-Edit-→-Delete-→-Real-time-chromium/test-failed-2.png]]

[[ATTACHMENT|../frontend/test-results/forum-messaging-full-COMPL-22c6a-→-Edit-→-Delete-→-Real-time-chromium/error-context.md]]
]]>
</system-out>
<system-err>
<![CDATA[[WORKFLOW] ❌ Step 1 failed: page.waitForURL: Timeout 60000ms exceeded.
=========================== logs ===========================
waiting for navigation to "**/dashboard/student/**" until "load"
============================================================
    at login [90m(/home/mego/Python Projects/THE_BOT_platform/frontend/[39me2e/forum-messaging-full.spec.ts:51:14[90m)[39m
    at [90m/home/mego/Python Projects/THE_BOT_platform/frontend/[39me2e/forum-messaging-full.spec.ts:653:9 {
  name: [32m'TimeoutError'[39m,
  [[32mSymbol(step)[39m]: {
    location: {
      file: [32m'/home/mego/Python Projects/THE_BOT_platform/frontend/e2e/forum-messaging-full.spec.ts'[39m,
      line: [33m51[39m,
      column: [33m14[39m,
      function: [32m'login'[39m
    },
    category: [32m'pw:api'[39m,
    title: [32m'Wait for navigation'[39m,
    apiName: [32m'page.waitForURL'[39m,
    params: { info: [36m[Object][39m },
    group: [90mundefined[39m,
    stepId: [32m'pw:api@37'[39m,
    boxedStack: [90mundefined[39m,
    steps: [],
    attachmentIndices: [],
    info: TestStepInfoImpl {
      annotations: [],
      _testInfo: [36m[TestInfoImpl][39m,
      _stepId: [32m'pw:api@37'[39m,
      _title: [32m'Wait for navigation'[39m,
      _parentStep: [90mundefined[39m,
      skip: [36m[Function (anonymous)][39m
    },
    complete: [36m[Function: complete][39m,
    endWallTime: [33m1768061122212[39m,
    error: {
      message: [32m'TimeoutError: page.waitForURL: Timeout 60000ms exceeded.\n'[39m +
        [32m'=========================== logs ===========================\n'[39m +
        [32m'waiting for navigation to "**/dashboard/student/**" until "load"\n'[39m +
        [32m'============================================================'[39m,
      stack: [32m'TimeoutError: page.waitForURL: Timeout 60000ms exceeded.\n'[39m +
        [32m'=========================== logs ===========================\n'[39m +
        [32m'waiting for navigation to "**/dashboard/student/**" until "load"\n'[39m +
        [32m'============================================================\n'[39m +
        [32m'    at login (/home/mego/Python Projects/THE_BOT_platform/frontend/e2e/forum-messaging-full.spec.ts:51:14)\n'[39m +
        [32m'    at /home/mego/Python Projects/THE_BOT_platform/frontend/e2e/forum-messaging-full.spec.ts:653:9'[39m,
      cause: [90mundefined[39m
    }
  }
}
[WORKFLOW] ❌ Step 2 failed: Error: Message input not found with any selector
    at findMessageInput [90m(file:///home/mego/Python%20Projects/THE_BOT_platform/frontend/[39me2e/forum-messaging-full.spec.ts:96:9[90m)[39m
    at [90mfile:///home/mego/Python%20Projects/THE_BOT_platform/frontend/[39me2e/forum-messaging-full.spec.ts:668:23
    at [90m/home/mego/Python Projects/THE_BOT_platform/frontend/[39mnode_modules/[4mplaywright[24m/lib/worker/workerMain.js:322:9
    at [90m/home/mego/Python Projects/THE_BOT_platform/frontend/[39mnode_modules/[4mplaywright[24m/lib/worker/testInfo.js:311:11
    at TimeoutManager.withRunnable [90m(/home/mego/Python Projects/THE_BOT_platform/frontend/[39mnode_modules/[4mplaywright[24m/lib/worker/timeoutManager.js:67:14[90m)[39m
    at TestInfoImpl._runWithTimeout [90m(/home/mego/Python Projects/THE_BOT_platform/frontend/[39mnode_modules/[4mplaywright[24m/lib/worker/testInfo.js:309:7[90m)[39m
    at [90m/home/mego/Python Projects/THE_BOT_platform/frontend/[39mnode_modules/[4mplaywright[24m/lib/worker/workerMain.js:320:7
    at WorkerMain._runTest [90m(/home/mego/Python Projects/THE_BOT_platform/frontend/[39mnode_modules/[4mplaywright[24m/lib/worker/workerMain.js:295:5[90m)[39m
    at WorkerMain.runTestGroup [90m(/home/mego/Python Projects/THE_BOT_platform/frontend/[39mnode_modules/[4mplaywright[24m/lib/worker/workerMain.js:199:11[90m)[39m
    at process.<anonymous> [90m(/home/mego/Python Projects/THE_BOT_platform/frontend/[39mnode_modules/[4mplaywright[24m/lib/common/process.js:65:22[90m)[39m
[WORKFLOW] ❌ Step 3 failed: Error: Message input not found with any selector
    at findMessageInput [90m(file:///home/mego/Python%20Projects/THE_BOT_platform/frontend/[39me2e/forum-messaging-full.spec.ts:96:9[90m)[39m
    at [90mfile:///home/mego/Python%20Projects/THE_BOT_platform/frontend/[39me2e/forum-messaging-full.spec.ts:688:27
    at [90m/home/mego/Python Projects/THE_BOT_platform/frontend/[39mnode_modules/[4mplaywright[24m/lib/worker/workerMain.js:322:9
    at [90m/home/mego/Python Projects/THE_BOT_platform/frontend/[39mnode_modules/[4mplaywright[24m/lib/worker/testInfo.js:311:11
    at TimeoutManager.withRunnable [90m(/home/mego/Python Projects/THE_BOT_platform/frontend/[39mnode_modules/[4mplaywright[24m/lib/worker/timeoutManager.js:67:14[90m)[39m
    at TestInfoImpl._runWithTimeout [90m(/home/mego/Python Projects/THE_BOT_platform/frontend/[39mnode_modules/[4mplaywright[24m/lib/worker/testInfo.js:309:7[90m)[39m
    at [90m/home/mego/Python Projects/THE_BOT_platform/frontend/[39mnode_modules/[4mplaywright[24m/lib/worker/workerMain.js:320:7
    at WorkerMain._runTest [90m(/home/mego/Python Projects/THE_BOT_platform/frontend/[39mnode_modules/[4mplaywright[24m/lib/worker/workerMain.js:295:5[90m)[39m
    at WorkerMain.runTestGroup [90m(/home/mego/Python Projects/THE_BOT_platform/frontend/[39mnode_modules/[4mplaywright[24m/lib/worker/workerMain.js:199:11[90m)[39m
    at process.<anonymous> [90m(/home/mego/Python Projects/THE_BOT_platform/frontend/[39mnode_modules/[4mplaywright[24m/lib/common/process.js:65:22[90m)[39m
[WORKFLOW] ❌ Step 4 failed: Error: Message input not found with any selector
    at findMessageInput [90m(file:///home/mego/Python%20Projects/THE_BOT_platform/frontend/[39me2e/forum-messaging-full.spec.ts:96:9[90m)[39m
    at [90mfile:///home/mego/Python%20Projects/THE_BOT_platform/frontend/[39me2e/forum-messaging-full.spec.ts:724:26
    at [90m/home/mego/Python Projects/THE_BOT_platform/frontend/[39mnode_modules/[4mplaywright[24m/lib/worker/workerMain.js:322:9
    at [90m/home/mego/Python Projects/THE_BOT_platform/frontend/[39mnode_modules/[4mplaywright[24m/lib/worker/testInfo.js:311:11
    at TimeoutManager.withRunnable [90m(/home/mego/Python Projects/THE_BOT_platform/frontend/[39mnode_modules/[4mplaywright[24m/lib/worker/timeoutManager.js:67:14[90m)[39m
    at TestInfoImpl._runWithTimeout [90m(/home/mego/Python Projects/THE_BOT_platform/frontend/[39mnode_modules/[4mplaywright[24m/lib/worker/testInfo.js:309:7[90m)[39m
    at [90m/home/mego/Python Projects/THE_BOT_platform/frontend/[39mnode_modules/[4mplaywright[24m/lib/worker/workerMain.js:320:7
    at WorkerMain._runTest [90m(/home/mego/Python Projects/THE_BOT_platform/frontend/[39mnode_modules/[4mplaywright[24m/lib/worker/workerMain.js:295:5[90m)[39m
    at WorkerMain.runTestGroup [90m(/home/mego/Python Projects/THE_BOT_platform/frontend/[39mnode_modules/[4mplaywright[24m/lib/worker/workerMain.js:199:11[90m)[39m
    at process.<anonymous> [90m(/home/mego/Python Projects/THE_BOT_platform/frontend/[39mnode_modules/[4mplaywright[24m/lib/common/process.js:65:22[90m)[39m
[WORKFLOW] ❌ Step 5 failed: page.waitForURL: Test ended.
=========================== logs ===========================
waiting for navigation to "**/dashboard/teacher/**" until "load"
============================================================
    at login [90m(/home/mego/Python Projects/THE_BOT_platform/frontend/[39me2e/forum-messaging-full.spec.ts:51:14[90m)[39m
    at [90m/home/mego/Python Projects/THE_BOT_platform/frontend/[39me2e/forum-messaging-full.spec.ts:759:9
]]>
</system-err>
</testcase>
</testsuite>
</testsuites>